// Jest Snapshot v1, https://goo.gl/fbAQLP

exports[`ChatPage can show error message 1`] = `"<div>Something went wrong: Error: Error</div><button>TRY AGAIN</button>"`;
